console.info: %cDownload the React DevTools for a better development experience: https://react.dev/link/react-devtools font-weight:bold
console.log: [HMR] connected
console.info: [silsigan:event] view_home Object
log.error: Failed to load resource: net::ERR_CONNECTION_REFUSED
log.error: Failed to load resource: net::ERR_CONNECTION_REFUSED
log.error: Failed to load resource: net::ERR_CONNECTION_REFUSED
log.error: Failed to load resource: net::ERR_CONNECTION_REFUSED
log.error: Failed to load resource: net::ERR_CONNECTION_REFUSED
log.error: Failed to load resource: net::ERR_CONNECTION_REFUSED
log.error: Failed to load resource: net::ERR_CONNECTION_REFUSED
log.error: Failed to load resource: net::ERR_CONNECTION_REFUSED
log.error: Failed to load resource: net::ERR_CONNECTION_REFUSED
log.error: Failed to load resource: net::ERR_CONNECTION_REFUSED
log.error: Failed to load resource: net::ERR_CONNECTION_REFUSED
log.error: Failed to load resource: net::ERR_CONNECTION_REFUSED
log.error: Failed to load resource: net::ERR_CONNECTION_REFUSED
log.error: Failed to load resource: net::ERR_CONNECTION_REFUSED
log.error: Failed to load resource: net::ERR_CONNECTION_REFUSED
log.error: Failed to load resource: net::ERR_CONNECTION_REFUSED
log.error: Failed to load resource: net::ERR_CONNECTION_REFUSED
log.error: Failed to load resource: net::ERR_CONNECTION_REFUSED
log.error: Failed to load resource: net::ERR_CONNECTION_REFUSED
log.error: Failed to load resource: net::ERR_CONNECTION_REFUSED
console.info: [silsigan:event] view_home Object
console.info: [silsigan:event] toggle_traffic_layer Object
console.info: [silsigan:event] toggle_traffic_layer Object
console.info: [silsigan:event] toggle_notifications Object
console.info: [silsigan:event] view_home Object
console.info: [silsigan:event] complete_onboarding Object
console.info: [silsigan:event] click_place Object
log.error: Failed to load resource: net::ERR_CONNECTION_REFUSED
log.error: Failed to load resource: net::ERR_CONNECTION_REFUSED
console.info: [silsigan:event] click_map_marker Object
console.info: [silsigan:event] click_place Object
log.error: Failed to load resource: net::ERR_CONNECTION_REFUSED
log.error: Failed to load resource: net::ERR_CONNECTION_REFUSED